
> matchamd@0.0.0 typecheck
> tsc -p ./jsconfig.json

node_modules/canvas-confetti/src/confetti.js(878,7): error TS2591: Cannot find name 'module'. Do you need to install type definitions for node? Try `npm i --save-dev @types/node` and then add 'node' to the types field in your tsconfig.
src/api/supabaseClient.js(3,33): error TS2339: Property 'env' does not exist on type 'ImportMeta'.
src/api/supabaseClient.js(4,37): error TS2339: Property 'env' does not exist on type 'ImportMeta'.
src/components/ai/PathwayEligibilityChat.jsx(154,15): error TS2322: Type '{ placeholder: string; value: string; onChange: (e: any) => void; onKeyDown: (e: any) => void; className: string; disabled: boolean; }' is not assignable to type 'IntrinsicAttributes & RefAttributes<any>'.
  Property 'placeholder' does not exist on type 'IntrinsicAttributes & RefAttributes<any>'.
src/components/common/ErrorBoundary.jsx(35,14): error TS2591: Cannot find name 'process'. Do you need to install type definitions for node? Try `npm i --save-dev @types/node` and then add 'node' to the types field in your tsconfig.
src/components/gamification/ShareMilestone.jsx(106,8): error TS2322: Type '{ children: Element[]; className: string; }' is not assignable to type 'IntrinsicAttributes & RefAttributes<any>'.
  Property 'children' does not exist on type 'IntrinsicAttributes & RefAttributes<any>'.
src/components/gamification/ShareMilestone.jsx(107,10): error TS2741: Property 'className' is missing in type '{ children: Element[]; }' but required in type '{ [x: string]: any; className: any; }'.
src/components/gamification/ShareMilestone.jsx(108,12): error TS2322: Type '{ children: (string | Element)[]; className: string; }' is not assignable to type 'IntrinsicAttributes & RefAttributes<any>'.
  Property 'children' does not exist on type 'IntrinsicAttributes & RefAttributes<any>'.
src/components/gamification/ShareMilestone.jsx(112,12): error TS2559: Type '{ children: string; }' has no properties in common with type 'IntrinsicAttributes & RefAttributes<any>'.
src/components/guides/PathwayEligibilityQuiz.jsx(86,40): error TS2339: Property 'step2cs' does not exist on type '{}'.
src/components/mentorship/VideoCallModal.jsx(80,8): error TS2322: Type '{ children: Element; className: string; }' is not assignable to type 'IntrinsicAttributes & RefAttributes<any>'.
  Property 'children' does not exist on type 'IntrinsicAttributes & RefAttributes<any>'.
src/components/mentorship/VideoCallModal.jsx(83,14): error TS2322: Type '{ children: any[]; className: string; }' is not assignable to type 'IntrinsicAttributes & RefAttributes<any>'.
  Property 'children' does not exist on type 'IntrinsicAttributes & RefAttributes<any>'.
src/components/premium/PremiumGate.jsx(4,18): error TS2307: Cannot find module '@/assets/logo.png' or its corresponding type declarations.
src/components/stripe/StripeProvider.jsx(4,44): error TS2339: Property 'env' does not exist on type 'ImportMeta'.
src/components/translations.jsx(110,7): error TS1117: An object literal cannot have multiple properties with the same name.
src/components/translations.jsx(269,7): error TS1117: An object literal cannot have multiple properties with the same name.
src/components/translations.jsx(428,7): error TS1117: An object literal cannot have multiple properties with the same name.
src/components/translations.jsx(587,7): error TS1117: An object literal cannot have multiple properties with the same name.
src/components/ui/accordion.jsx(9,43): error TS2339: Property 'className' does not exist on type '{}'.
src/components/ui/accordion.jsx(10,4): error TS2741: Property 'value' is missing in type '{ ref: ForwardedRef<any>; className: string; }' but required in type 'AccordionItemProps'.
src/components/ui/accordion.jsx(14,46): error TS2339: Property 'className' does not exist on type '{}'.
src/components/ui/accordion.jsx(14,57): error TS2339: Property 'children' does not exist on type '{}'.
src/components/ui/accordion.jsx(31,46): error TS2339: Property 'className' does not exist on type '{}'.
src/components/ui/accordion.jsx(31,57): error TS2339: Property 'children' does not exist on type '{}'.
src/components/ui/avatar.jsx(8,36): error TS2339: Property 'className' does not exist on type '{}'.
src/components/ui/avatar.jsx(16,41): error TS2339: Property 'className' does not exist on type '{}'.
src/components/ui/avatar.jsx(24,44): error TS2339: Property 'className' does not exist on type '{}'.
src/components/ui/button.jsx(51,38): error TS2322: Type 'string' is not assignable to type '"link" | "default" | "destructive" | "outline" | "secondary" | "ghost"'.
src/components/ui/button.jsx(51,47): error TS2322: Type 'string' is not assignable to type '"default" | "sm" | "lg" | "icon"'.
src/components/ui/card.jsx(45,45): error TS2339: Property 'className' does not exist on type '{}'.
src/components/ui/card.jsx(45,56): error TS2339: Property 'children' does not exist on type '{}'.
src/components/ui/card.jsx(68,40): error TS2339: Property 'className' does not exist on type '{}'.
src/components/ui/card.jsx(68,51): error TS2339: Property 'children' does not exist on type '{}'.
src/components/ui/dialog.jsx(17,43): error TS2339: Property 'className' does not exist on type '{}'.
src/components/ui/dialog.jsx(28,43): error TS2339: Property 'className' does not exist on type '{}'.
src/components/ui/dialog.jsx(28,54): error TS2339: Property 'children' does not exist on type '{}'.
src/components/ui/dialog.jsx(69,41): error TS2339: Property 'className' does not exist on type '{}'.
src/components/ui/dialog.jsx(77,47): error TS2339: Property 'className' does not exist on type '{}'.
src/components/ui/label.jsx(11,35): error TS2339: Property 'className' does not exist on type '{}'.
src/components/ui/select.jsx(32,50): error TS2339: Property 'className' does not exist on type '{}'.
src/components/ui/select.jsx(42,52): error TS2339: Property 'className' does not exist on type '{}'.
src/components/ui/select.jsx(78,41): error TS2339: Property 'className' does not exist on type '{}'.
src/components/ui/select.jsx(105,45): error TS2339: Property 'className' does not exist on type '{}'.
src/components/ui/switch.jsx(6,36): error TS2339: Property 'className' does not exist on type '{}'.
src/components/ui/tabs.jsx(13,38): error TS2339: Property 'className' does not exist on type '{}'.
src/components/ui/tabs.jsx(30,41): error TS2339: Property 'className' does not exist on type '{}'.
src/components/ui/tabs.jsx(31,4): error TS2741: Property 'value' is missing in type '{ ref: ForwardedRef<any>; className: string; }' but required in type 'TabsTriggerProps'.
src/components/ui/tabs.jsx(47,41): error TS2339: Property 'className' does not exist on type '{}'.
src/components/ui/tabs.jsx(48,4): error TS2741: Property 'value' is missing in type '{ ref: ForwardedRef<any>; className: string; }' but required in type 'TabsContentProps'.
src/components/ui/textarea.jsx(5,38): error TS2339: Property 'className' does not exist on type '{}'.
src/lib/AuthContext.jsx(4,21): error TS2554: Expected 1 arguments, but got 0.
src/pages/AdminModeration.jsx(68,26): error TS2339: Property 'id' does not exist on type 'void'.
src/pages/AdminModeration.jsx(68,30): error TS2339: Property 'data' does not exist on type 'void'.
src/pages/AdminModeration.jsx(158,12): error TS2322: Type '{ children: Element[]; className: string; }' is not assignable to type 'IntrinsicAttributes & RefAttributes<any>'.
  Property 'children' does not exist on type 'IntrinsicAttributes & RefAttributes<any>'.
src/pages/AdminModeration.jsx(159,14): error TS2322: Type '{ children: (string | number | Element)[]; value: string; className: string; }' is not assignable to type 'IntrinsicAttributes & RefAttributes<any>'.
  Property 'children' does not exist on type 'IntrinsicAttributes & RefAttributes<any>'.
src/pages/AdminModeration.jsx(163,14): error TS2322: Type '{ children: (string | number | Element)[]; value: string; className: string; }' is not assignable to type 'IntrinsicAttributes & RefAttributes<any>'.
  Property 'children' does not exist on type 'IntrinsicAttributes & RefAttributes<any>'.
src/pages/AdminModeration.jsx(170,12): error TS2322: Type '{ children: Element | Element[]; value: string; className: string; }' is not assignable to type 'IntrinsicAttributes & RefAttributes<any>'.
  Property 'children' does not exist on type 'IntrinsicAttributes & RefAttributes<any>'.
src/pages/AdminModeration.jsx(228,66): error TS2345: Argument of type '{ id: any; data: { is_pinned: boolean; }; }' is not assignable to parameter of type 'void'.
src/pages/AdminModeration.jsx(239,66): error TS2345: Argument of type '{ id: any; data: { is_featured: boolean; }; }' is not assignable to parameter of type 'void'.
src/pages/AdminModeration.jsx(266,12): error TS2322: Type '{ children: Element | Element[]; value: string; className: string; }' is not assignable to type 'IntrinsicAttributes & RefAttributes<any>'.
  Property 'children' does not exist on type 'IntrinsicAttributes & RefAttributes<any>'.
src/pages/Community.jsx(112,9): error TS2698: Spread types may only be created from object types.
src/pages/Community.jsx(132,28): error TS2339: Property 'liked_by' does not exist on type 'void'.
src/pages/Community.jsx(134,16): error TS2339: Property 'liked_by' does not exist on type 'void'.
src/pages/Community.jsx(135,21): error TS2339: Property 'liked_by' does not exist on type 'void'.
src/pages/Community.jsx(140,24): error TS2339: Property 'id' does not exist on type 'void'.
src/pages/Community.jsx(187,14): error TS2322: Type '{ children: Element[]; className: string; }' is not assignable to type 'IntrinsicAttributes & RefAttributes<any>'.
  Property 'children' does not exist on type 'IntrinsicAttributes & RefAttributes<any>'.
src/pages/Community.jsx(188,16): error TS2322: Type '{ children: (string | Element)[]; value: string; className: string; }' is not assignable to type 'IntrinsicAttributes & RefAttributes<any>'.
  Property 'children' does not exist on type 'IntrinsicAttributes & RefAttributes<any>'.
src/pages/Community.jsx(191,16): error TS2322: Type '{ children: (string | Element)[]; value: string; className: string; }' is not assignable to type 'IntrinsicAttributes & RefAttributes<any>'.
  Property 'children' does not exist on type 'IntrinsicAttributes & RefAttributes<any>'.
src/pages/Community.jsx(203,14): error TS2322: Type '{ children: Element[]; className: string; }' is not assignable to type 'IntrinsicAttributes & RefAttributes<any>'.
  Property 'children' does not exist on type 'IntrinsicAttributes & RefAttributes<any>'.
src/pages/Community.jsx(204,16): error TS2741: Property 'className' is missing in type '{ children: Element; }' but required in type '{ [x: string]: any; className: any; }'.
src/pages/Community.jsx(205,18): error TS2559: Type '{ children: string; }' has no properties in common with type 'IntrinsicAttributes & RefAttributes<any>'.
src/pages/Community.jsx(228,19): error TS2322: Type '{ placeholder: string; value: string; onChange: (e: any) => void; className: string; }' is not assignable to type 'IntrinsicAttributes & RefAttributes<any>'.
  Property 'placeholder' does not exist on type 'IntrinsicAttributes & RefAttributes<any>'.
src/pages/Community.jsx(234,60): error TS2345: Argument of type '{ title: string; content: string; category: string; }' is not assignable to parameter of type 'void'.
src/pages/Community.jsx(269,20): error TS2322: Type '{ children: Element[]; className: string; }' is not assignable to type 'IntrinsicAttributes & RefAttributes<any>'.
  Property 'children' does not exist on type 'IntrinsicAttributes & RefAttributes<any>'.
src/pages/Community.jsx(270,34): error TS2322: Type '{ src: any; }' is not assignable to type 'IntrinsicAttributes & RefAttributes<any>'.
  Property 'src' does not exist on type 'IntrinsicAttributes & RefAttributes<any>'.
src/pages/Community.jsx(271,22): error TS2322: Type '{ children: any; className: string; }' is not assignable to type 'IntrinsicAttributes & RefAttributes<any>'.
  Property 'children' does not exist on type 'IntrinsicAttributes & RefAttributes<any>'.
src/pages/Dashboard.jsx(3,18): error TS2307: Cannot find module '@/assets/logo.png' or its corresponding type declarations.
src/pages/Deadlines.jsx(177,15): error TS2322: Type '{ children: string; key: string; variant: "default" | "outline"; className: string; onClick: () => void; }' is not assignable to type 'IntrinsicAttributes & { className?: string; variant?: "default" | "destructive" | "outline" | "secondary"; children?: ReactNode; }'.
  Property 'onClick' does not exist on type 'IntrinsicAttributes & { className?: string; variant?: "default" | "destructive" | "outline" | "secondary"; children?: ReactNode; }'.
src/pages/GuideDetail.jsx(247,72): error TS2345: Argument of type 'void' is not assignable to parameter of type 'RejectExcessProperties<any, void>'.
  Type 'void' is not assignable to type '{}'.
src/pages/GuideDetail.jsx(256,11): error TS2698: Spread types may only be created from object types.
src/pages/GuideDetail.jsx(285,35): error TS2345: Argument of type '{ checklist_items: any; completion_percentage: number; status: string; }' is not assignable to parameter of type 'void'.
src/pages/GuideDetail.jsx(516,13): error TS2322: Type '{ placeholder: string; value: string; onChange: (e: any) => void; className: string; }' is not assignable to type 'IntrinsicAttributes & RefAttributes<any>'.
  Property 'placeholder' does not exist on type 'IntrinsicAttributes & RefAttributes<any>'.
src/pages/GuideDetail.jsx(522,58): error TS2345: Argument of type '{ notes: string; }' is not assignable to parameter of type 'void'.
src/pages/Guides.jsx(194,12): error TS2322: Type '{ children: Element[]; className: string; }' is not assignable to type 'IntrinsicAttributes & RefAttributes<any>'.
  Property 'children' does not exist on type 'IntrinsicAttributes & RefAttributes<any>'.
src/pages/Guides.jsx(196,16): error TS2322: Type '{ children: (string | Element)[]; key: string; value: string; className: string; }' is not assignable to type 'IntrinsicAttributes & RefAttributes<any>'.
  Property 'children' does not exist on type 'IntrinsicAttributes & RefAttributes<any>'.
src/pages/IMGPrograms.jsx(250,10): error TS2322: Type '{ children: Element[]; className: string; }' is not assignable to type 'IntrinsicAttributes & RefAttributes<any>'.
  Property 'children' does not exist on type 'IntrinsicAttributes & RefAttributes<any>'.
src/pages/IMGPrograms.jsx(251,12): error TS2741: Property 'className' is missing in type '{ children: Element; }' but required in type '{ [x: string]: any; className: any; }'.
src/pages/IMGPrograms.jsx(252,14): error TS2559: Type '{ children: any; }' has no properties in common with type 'IntrinsicAttributes & RefAttributes<any>'.
src/pages/InterviewCourse.jsx(3,18): error TS2307: Cannot find module '@/assets/logo.png' or its corresponding type declarations.
src/pages/Login.jsx(10,18): error TS2307: Cannot find module '@/assets/logo.png' or its corresponding type declarations.
src/pages/Login.jsx(103,42): error TS2339: Property 'onerror' does not exist on type 'EventTarget'.
src/pages/Login.jsx(103,67): error TS2339: Property 'src' does not exist on type 'EventTarget'.
src/pages/Login.jsx(137,16): error TS2322: Type '{ children: string; className: string; }' is not assignable to type 'IntrinsicAttributes & RefAttributes<any>'.
  Property 'children' does not exist on type 'IntrinsicAttributes & RefAttributes<any>'.
src/pages/Login.jsx(154,18): error TS2322: Type '{ children: string; className: string; }' is not assignable to type 'IntrinsicAttributes & RefAttributes<any>'.
  Property 'children' does not exist on type 'IntrinsicAttributes & RefAttributes<any>'.
src/pages/Mentors.jsx(278,18): error TS2322: Type '{ children: Element[]; className: string; }' is not assignable to type 'IntrinsicAttributes & RefAttributes<any>'.
  Property 'children' does not exist on type 'IntrinsicAttributes & RefAttributes<any>'.
src/pages/Mentors.jsx(279,32): error TS2322: Type '{ src: any; }' is not assignable to type 'IntrinsicAttributes & RefAttributes<any>'.
  Property 'src' does not exist on type 'IntrinsicAttributes & RefAttributes<any>'.
src/pages/Mentors.jsx(280,20): error TS2322: Type '{ children: any; className: string; }' is not assignable to type 'IntrinsicAttributes & RefAttributes<any>'.
  Property 'children' does not exist on type 'IntrinsicAttributes & RefAttributes<any>'.
src/pages/Mentors.jsx(371,10): error TS2322: Type '{ children: Element[]; className: string; }' is not assignable to type 'IntrinsicAttributes & RefAttributes<any>'.
  Property 'children' does not exist on type 'IntrinsicAttributes & RefAttributes<any>'.
src/pages/Mentors.jsx(372,12): error TS2741: Property 'className' is missing in type '{ children: Element[]; }' but required in type '{ [x: string]: any; className: any; }'.
src/pages/Mentors.jsx(373,14): error TS2559: Type '{ children: string; }' has no properties in common with type 'IntrinsicAttributes & RefAttributes<any>'.
src/pages/Mentors.jsx(374,14): error TS2559: Type '{ children: any[]; }' has no properties in common with type 'IntrinsicAttributes & RefAttributes<any>'.
src/pages/Mentors.jsx(380,15): error TS2322: Type '{ placeholder: string; value: string; onChange: (e: any) => void; className: string; }' is not assignable to type 'IntrinsicAttributes & RefAttributes<any>'.
  Property 'placeholder' does not exist on type 'IntrinsicAttributes & RefAttributes<any>'.
src/pages/Onboarding.jsx(3,18): error TS2307: Cannot find module '@/assets/logo.png' or its corresponding type declarations.
src/pages/Onboarding.jsx(265,22): error TS2339: Property 'onerror' does not exist on type 'EventTarget'.
src/pages/Onboarding.jsx(266,22): error TS2339: Property 'src' does not exist on type 'EventTarget'.
src/pages/Onboarding.jsx(334,12): error TS2322: Type '{ children: any; className: string; }' is not assignable to type 'IntrinsicAttributes & RefAttributes<any>'.
  Property 'children' does not exist on type 'IntrinsicAttributes & RefAttributes<any>'.
src/pages/Onboarding.jsx(348,12): error TS2322: Type '{ children: any; className: string; }' is not assignable to type 'IntrinsicAttributes & RefAttributes<any>'.
  Property 'children' does not exist on type 'IntrinsicAttributes & RefAttributes<any>'.
src/pages/Onboarding.jsx(366,14): error TS2322: Type '{ children: any; className: string; }' is not assignable to type 'IntrinsicAttributes & RefAttributes<any>'.
  Property 'children' does not exist on type 'IntrinsicAttributes & RefAttributes<any>'.
src/pages/Onboarding.jsx(389,12): error TS2322: Type '{ children: any; className: string; }' is not assignable to type 'IntrinsicAttributes & RefAttributes<any>'.
  Property 'children' does not exist on type 'IntrinsicAttributes & RefAttributes<any>'.
src/pages/Onboarding.jsx(435,10): error TS2322: Type '{ children: any; className: string; }' is not assignable to type 'IntrinsicAttributes & RefAttributes<any>'.
  Property 'children' does not exist on type 'IntrinsicAttributes & RefAttributes<any>'.
src/pages/Onboarding.jsx(510,14): error TS2322: Type '{ children: string; className: string; }' is not assignable to type 'IntrinsicAttributes & RefAttributes<any>'.
  Property 'children' does not exist on type 'IntrinsicAttributes & RefAttributes<any>'.
src/pages/Onboarding.jsx(529,14): error TS2322: Type '{ children: any; className: string; }' is not assignable to type 'IntrinsicAttributes & RefAttributes<any>'.
  Property 'children' does not exist on type 'IntrinsicAttributes & RefAttributes<any>'.
src/pages/Onboarding.jsx(545,14): error TS2322: Type '{ children: string; className: string; }' is not assignable to type 'IntrinsicAttributes & RefAttributes<any>'.
  Property 'children' does not exist on type 'IntrinsicAttributes & RefAttributes<any>'.
src/pages/Onboarding.jsx(561,14): error TS2322: Type '{ children: string; className: string; }' is not assignable to type 'IntrinsicAttributes & RefAttributes<any>'.
  Property 'children' does not exist on type 'IntrinsicAttributes & RefAttributes<any>'.
src/pages/Onboarding.jsx(577,14): error TS2322: Type '{ children: string; className: string; }' is not assignable to type 'IntrinsicAttributes & RefAttributes<any>'.
  Property 'children' does not exist on type 'IntrinsicAttributes & RefAttributes<any>'.
src/pages/Onboarding.jsx(594,16): error TS2322: Type '{ children: any; className: string; }' is not assignable to type 'IntrinsicAttributes & RefAttributes<any>'.
  Property 'children' does not exist on type 'IntrinsicAttributes & RefAttributes<any>'.
src/pages/Onboarding.jsx(604,16): error TS2322: Type '{ children: any; className: string; }' is not assignable to type 'IntrinsicAttributes & RefAttributes<any>'.
  Property 'children' does not exist on type 'IntrinsicAttributes & RefAttributes<any>'.
src/pages/Onboarding.jsx(620,12): error TS2322: Type '{ children: any; className: string; }' is not assignable to type 'IntrinsicAttributes & RefAttributes<any>'.
  Property 'children' does not exist on type 'IntrinsicAttributes & RefAttributes<any>'.
src/pages/Onboarding.jsx(636,14): error TS2322: Type '{ children: string; className: string; }' is not assignable to type 'IntrinsicAttributes & RefAttributes<any>'.
  Property 'children' does not exist on type 'IntrinsicAttributes & RefAttributes<any>'.
src/pages/Onboarding.jsx(647,12): error TS2322: Type '{ children: any; className: string; }' is not assignable to type 'IntrinsicAttributes & RefAttributes<any>'.
  Property 'children' does not exist on type 'IntrinsicAttributes & RefAttributes<any>'.
src/pages/Onboarding.jsx(663,14): error TS2322: Type '{ children: string; className: string; }' is not assignable to type 'IntrinsicAttributes & RefAttributes<any>'.
  Property 'children' does not exist on type 'IntrinsicAttributes & RefAttributes<any>'.
src/pages/Onboarding.jsx(677,12): error TS2322: Type '{ children: string; className: string; }' is not assignable to type 'IntrinsicAttributes & RefAttributes<any>'.
  Property 'children' does not exist on type 'IntrinsicAttributes & RefAttributes<any>'.
src/pages/Onboarding.jsx(693,14): error TS2322: Type '{ children: string; className: string; }' is not assignable to type 'IntrinsicAttributes & RefAttributes<any>'.
  Property 'children' does not exist on type 'IntrinsicAttributes & RefAttributes<any>'.
src/pages/PostDetail.jsx(113,31): error TS2339: Property 'liked_by' does not exist on type 'void'.
src/pages/PostDetail.jsx(115,19): error TS2339: Property 'liked_by' does not exist on type 'void'.
src/pages/PostDetail.jsx(116,24): error TS2339: Property 'liked_by' does not exist on type 'void'.
src/pages/PostDetail.jsx(121,27): error TS2339: Property 'id' does not exist on type 'void'.
src/pages/PostDetail.jsx(149,14): error TS2322: Type '{ children: Element[]; className: string; }' is not assignable to type 'IntrinsicAttributes & RefAttributes<any>'.
  Property 'children' does not exist on type 'IntrinsicAttributes & RefAttributes<any>'.
src/pages/PostDetail.jsx(150,28): error TS2322: Type '{ src: any; }' is not assignable to type 'IntrinsicAttributes & RefAttributes<any>'.
  Property 'src' does not exist on type 'IntrinsicAttributes & RefAttributes<any>'.
src/pages/PostDetail.jsx(151,16): error TS2322: Type '{ children: any; className: string; }' is not assignable to type 'IntrinsicAttributes & RefAttributes<any>'.
  Property 'children' does not exist on type 'IntrinsicAttributes & RefAttributes<any>'.
src/pages/PostDetail.jsx(218,22): error TS2322: Type '{ children: Element[]; className: string; }' is not assignable to type 'IntrinsicAttributes & RefAttributes<any>'.
  Property 'children' does not exist on type 'IntrinsicAttributes & RefAttributes<any>'.
src/pages/PostDetail.jsx(219,36): error TS2322: Type '{ src: any; }' is not assignable to type 'IntrinsicAttributes & RefAttributes<any>'.
  Property 'src' does not exist on type 'IntrinsicAttributes & RefAttributes<any>'.
src/pages/PostDetail.jsx(220,24): error TS2322: Type '{ children: any; className: string; }' is not assignable to type 'IntrinsicAttributes & RefAttributes<any>'.
  Property 'children' does not exist on type 'IntrinsicAttributes & RefAttributes<any>'.
src/pages/PostDetail.jsx(261,13): error TS2322: Type '{ placeholder: string; value: string; onChange: (e: any) => void; className: string; rows: number; }' is not assignable to type 'IntrinsicAttributes & RefAttributes<any>'.
  Property 'placeholder' does not exist on type 'IntrinsicAttributes & RefAttributes<any>'.
src/pages/PostDetail.jsx(268,54): error TS2345: Argument of type 'string' is not assignable to parameter of type 'void'.
src/pages/Profile.jsx(102,75): error TS2345: Argument of type 'void' is not assignable to parameter of type 'RejectExcessProperties<any, void>'.
  Type 'void' is not assignable to type '{}'.
src/pages/Profile.jsx(163,16): error TS2322: Type '{ children: Element[]; className: string; }' is not assignable to type 'IntrinsicAttributes & RefAttributes<any>'.
  Property 'children' does not exist on type 'IntrinsicAttributes & RefAttributes<any>'.
src/pages/Profile.jsx(164,30): error TS2322: Type '{ src: any; }' is not assignable to type 'IntrinsicAttributes & RefAttributes<any>'.
  Property 'src' does not exist on type 'IntrinsicAttributes & RefAttributes<any>'.
src/pages/Profile.jsx(165,18): error TS2322: Type '{ children: any; className: string; }' is not assignable to type 'IntrinsicAttributes & RefAttributes<any>'.
  Property 'children' does not exist on type 'IntrinsicAttributes & RefAttributes<any>'.
src/pages/Profile.jsx(194,54): error TS2345: Argument of type '{ avatar_url: string; }' is not assignable to parameter of type 'void'.
src/pages/Profile.jsx(422,10): error TS2322: Type '{ children: Element[]; className: string; }' is not assignable to type 'IntrinsicAttributes & RefAttributes<any>'.
  Property 'children' does not exist on type 'IntrinsicAttributes & RefAttributes<any>'.
src/pages/Profile.jsx(423,12): error TS2741: Property 'className' is missing in type '{ children: Element; }' but required in type '{ [x: string]: any; className: any; }'.
src/pages/Profile.jsx(424,14): error TS2559: Type '{ children: string; }' has no properties in common with type 'IntrinsicAttributes & RefAttributes<any>'.
src/pages/Profile.jsx(430,18): error TS2559: Type '{ children: string; }' has no properties in common with type 'IntrinsicAttributes & RefAttributes<any>'.
src/pages/Profile.jsx(439,18): error TS2559: Type '{ children: string; }' has no properties in common with type 'IntrinsicAttributes & RefAttributes<any>'.
src/pages/Profile.jsx(441,19): error TS2322: Type '{ value: any; onChange: (e: any) => void; placeholder: string; className: string; }' is not assignable to type 'IntrinsicAttributes & RefAttributes<any>'.
  Property 'value' does not exist on type 'IntrinsicAttributes & RefAttributes<any>'.
src/pages/Profile.jsx(449,18): error TS2559: Type '{ children: string; }' has no properties in common with type 'IntrinsicAttributes & RefAttributes<any>'.
src/pages/Profile.jsx(466,18): error TS2559: Type '{ children: string; }' has no properties in common with type 'IntrinsicAttributes & RefAttributes<any>'.
src/pages/Profile.jsx(476,18): error TS2559: Type '{ children: string; }' has no properties in common with type 'IntrinsicAttributes & RefAttributes<any>'.
src/pages/Profile.jsx(486,18): error TS2559: Type '{ children: string; }' has no properties in common with type 'IntrinsicAttributes & RefAttributes<any>'.
src/pages/Profile.jsx(496,18): error TS2559: Type '{ children: string; }' has no properties in common with type 'IntrinsicAttributes & RefAttributes<any>'.
src/pages/Profile.jsx(506,18): error TS2559: Type '{ children: string; }' has no properties in common with type 'IntrinsicAttributes & RefAttributes<any>'.
src/pages/Profile.jsx(516,18): error TS2559: Type '{ children: string; }' has no properties in common with type 'IntrinsicAttributes & RefAttributes<any>'.
src/pages/Profile.jsx(538,19): error TS2322: Type '{ checked: any; onCheckedChange: (v: any) => void; }' is not assignable to type 'IntrinsicAttributes & RefAttributes<any>'.
  Property 'checked' does not exist on type 'IntrinsicAttributes & RefAttributes<any>'.
src/pages/ResearchOpportunities.jsx(207,10): error TS2322: Type '{ children: Element[]; className: string; }' is not assignable to type 'IntrinsicAttributes & RefAttributes<any>'.
  Property 'children' does not exist on type 'IntrinsicAttributes & RefAttributes<any>'.
src/pages/ResearchOpportunities.jsx(208,12): error TS2741: Property 'className' is missing in type '{ children: Element; }' but required in type '{ [x: string]: any; className: any; }'.
src/pages/ResearchOpportunities.jsx(209,14): error TS2559: Type '{ children: any; }' has no properties in common with type 'IntrinsicAttributes & RefAttributes<any>'.
src/pages/Subscription.jsx(3,18): error TS2307: Cannot find module '@/assets/logo.png' or its corresponding type declarations.
src/pages/SurgeryGuide.jsx(281,20): error TS2322: Type '{ children: Element[]; value: string; className: string; }' is not assignable to type 'IntrinsicAttributes & RefAttributes<any>'.
  Property 'children' does not exist on type 'IntrinsicAttributes & RefAttributes<any>'.
src/pages/SurgeryGuide.jsx(282,22): error TS2322: Type '{ children: Element; className: string; }' is not assignable to type 'IntrinsicAttributes & RefAttributes<any>'.
  Property 'children' does not exist on type 'IntrinsicAttributes & RefAttributes<any>'.
src/pages/SurgeryGuide.jsx(292,22): error TS2322: Type '{ children: Element; className: string; }' is not assignable to type 'IntrinsicAttributes & RefAttributes<any>'.
  Property 'children' does not exist on type 'IntrinsicAttributes & RefAttributes<any>'.
